tetris.c:12:6:ssd1306_tetris_Intro	8	static
tetris.c:35:6:ssd1306_tetris_FillWhite_Intro	24	static
tetris.c:56:6:ssd1306_tetris_L_Black	16	static
tetris.c:144:6:ssd1306_tetris_L_White	16	static
tetris.c:234:6:ssd1306_tetris_V_Black	16	static
tetris.c:306:6:ssd1306_tetris_V_White	16	static
tetris.c:379:6:ssd1306_tetris_R_Black	16	static
tetris.c:473:6:ssd1306_tetris_R_White	16	static
tetris.c:568:6:ssd1306_tetris_Z_90_Black	16	static
tetris.c:660:6:ssd1306_tetris_Z_90_White	16	static
tetris.c:750:6:ssd1306_tetris_Z_Black	16	static
tetris.c:839:6:ssd1306_tetris_Z_White	16	static
tetris.c:929:6:ssd1306_tetris_T_Black	16	static
tetris.c:1018:6:ssd1306_tetris_T_White	16	static
tetris.c:1108:6:ssd1306_tetris_T_links_Black	16	static
tetris.c:1197:6:ssd1306_tetris_T_links_White	16	static
tetris.c:1287:6:ssd1306_tetris_FillBLack_Outro	24	static
tetris.c:1308:6:ssd1306_tetris_Outro	16	static
