tetris.c:12:6:ssd1306_tetris_Intro	8	static
tetris.c:36:6:ssd1306_tetris_FillWhite_Intro	24	static
tetris.c:57:6:ssd1306_tetris_L_Black	16	static
tetris.c:145:6:ssd1306_tetris_L_White	16	static
tetris.c:235:6:ssd1306_tetris_V_Black	16	static
tetris.c:309:6:ssd1306_tetris_V_White	16	static
tetris.c:383:6:ssd1306_tetris_R_Black	16	static
tetris.c:473:6:ssd1306_tetris_R_White	16	static
tetris.c:563:6:ssd1306_tetris_Z_90_Black	16	static
tetris.c:656:6:ssd1306_tetris_Z_90_White	16	static
tetris.c:746:6:ssd1306_tetris_Z_Black	16	static
tetris.c:835:6:ssd1306_tetris_Z_White	16	static
tetris.c:925:6:ssd1306_tetris_T_Black	16	static
tetris.c:1014:6:ssd1306_tetris_T_White	16	static
tetris.c:1104:6:ssd1306_tetris_T_links_Black	16	static
tetris.c:1193:6:ssd1306_tetris_T_links_White	16	static
tetris.c:1283:6:ssd1306_tetris_FillBLack_Outro	24	static
tetris.c:1305:6:ssd1306_tetris_Outro	16	static
